// Jest Snapshot v1, https://goo.gl/fbAQLP

exports[`Data tests should fill the empty cells with circles 1`] = `"data:image/png;base64,iVBORw0KGgoAAAANSUhEUgAAAMgAAADICAYAAACtWK6eAAAABmJLR0QA/wD/AP+gvaeTAAAgAElEQVR4nO2deZzVVf3/n+fODCoIjGKairaYoknJklYuCbh9M0ErMQ1QmHtnQi2TTUxRRoNUXFBznbmDCpiWZYj7BhOWloGgUAq2KIJpiuzKMnPP749z78ydO5/P+ZzP/rn2ez0e8pD7OZ9zzr18np+zvRcBrAde5f/rOODvwLq4OxKzegFfBl6IuyMJ0BECaAYGRdZkDfsBfUixP5JupKjOX9mJZAuCdUjeIscqZrE5sn7BNuAHwCMRtplEDQN+A+waWYs1dEc9E58H9kSwO1AFgGQ9gq1I1pJiJQ38J7J+QXNlqNXXUUWObwBDgMEI+iPp0XZdALLknsLfU0CGNcCLCBYCC2hkVaj9tZXsARwIYkU87Qct2RdYDWJTLM3XcgiSExAMRvJNoHfH7pWUL/w9B9SyCckrSBZSwQLgLzSwM6yuhjOC1HI4OUYhGAPsHVi9gr8Ds9nJfdzLe4HVq2QzgsgewNPAocDJIP4acLsRS/YDngPeAk4Csb6kQDgjSB37IjkLyShgYIA1rwceIsUcGvhjgPUCNAcJiCDNacDlCL4eQH067UTwIJJryPJ6QHVaANIGxzfyH2ygrCFpg6NX/oMldIYkWEDqOIgclwBjKEybwtMyJL+gid/SeRzyouZUAJVAhpPI8BqC+RHAAVCVfxOtIMP9jGX/4JvoBAdANfAMyCODby9sdYID1Jv8WZB7BN5cht5keJAcq4A6wocDoB+C35BhGWlOCKJCf4DUsB8ZHgSeAfoG0SGXSgE/pIXXyTCBegJaU1nCUVAZQmIJR0HBQlJHFWkmAq+jRuRgXsLu9FUEz5HmAerY109F3jufZigplqN+hLjVHbiBNbxIhi8EUN9VWMNRUDXwFMj+AbQVsmR/4Hms4ShoIHCl76bGcAA5FiK4Htjdd31+JTibHK9Ty/e9V+F2DVJPJWuZgeTi/P1utQ3BSmAV8BE5NuQ/rwK6IzgQOAT4HN4AXofkPJp43HW/2tYgsiswHxyH6YSvSbQjR7FeAE4FsQWva5A0QxHcB3gZiXLA28AqJKuBzZDfmVLHAHsChyDp47pfShLBjWzgUh6i1cV9LhfpdXQlx6+B01x1Dl5EMp8UC9nAK0adHEEPuvItYAiS4ZRuBerVClxAlgYX95Qs0ssdEk9wgBdAMpwP3Ia7F9o7SB4CFiBZZHTmNZwKejCQFIORDAOOdtEewCN05xxm8olheReAjKaaSh4DjjGqWrAJyR1ImmjiH4YdslY9KdYyBMmPUf+AZiOXZCpNXG3YitUuVplC4hkOcAtIhqlAvWnHEDxCjts4gIXUkzO8z1o/4mBaSJPi/A7na3q9QAvDuLdt5qKTISBq5HgGMzg+BmbQwi2GnXCnNH2B6QiGGZWXTKaJGQYl7c5BygwSX3CAG0AyXApcY9QtwTxgCo38zai8G42mmirGIZkE7GZwxwt05xSDkcRgm7eeyvy0yhkOweNUcjhZrgoFDoAmVtDE6fkhdrVBn66lltHeGxQfox6a5x0KJmB3yzcc5kpTA/zCoOTbSE6jke+GAgfAvWygkank6As8ZXDHcWzmAYZT4VTQGZC1zMB5zbEDwcU0MpS7eMugg/7VxKNI+iOZ71BSIGmg1vV8tbiKMoAkQjgyHIfgbpymuoJ5VNHfw4aJN83iX2Q5FcEEcDQ/OZ2ezqOfHpBahuV3q3Raj2QIjdxCMKeX5mriI5o4A+G4zqhC8gDnOj48GiUZkgjhqGMv4FfgeOZUTyPf405KTVnClqSRm1BTYqe2J5LmO7oC9oDUsB+Se9C/Jd5F8i2a+JNDR8KUpJGpCC5ED+iB7ELWX1NJhCRCOAByzEK/o5hD7SBeRdQvzGJleYEUx4PW+lcguJfRfNaugD0gKWai9p/ttJEcp9JEMixcG7kD+Im2jOQMMpzur6EkQRIxHBnOBIZqywgmkeVOX+0EpQaWIzgJ/UiyF5XcYHfRGpAMJwFnaSrdgeQ7zEqYo1WW25Hc5FDqFuro6q+hJEASMRwXsDs4/rbX56c3yVEjf0NyBvo1yQ+pYbDVBStABE4/hOCSmKdV9jqAyaDt2+fIMc5/Q3FCEjEcANsZDxygKbGI3lzmu50w1MQi4GeaEoIUN2GxnOgMSIZh6A0Pn6CRW932MTLV00Ir5yDQOQNdzCi6+W8sDkhigOMCdkfwU02JjVTyQ+pp8d1WWMpyE4JnNCX6Udt5wW41gujeAh9T6bgYjl/38A6SqZoSe7ELY4NpLEpIYoADYDtj0a1HJVO4i7WBtBWeJIILUAfCdiUuL/2oIyC1HAkcpWlkRmTnHH7Vm9tAezB1Pt6MLS0UBSQxwaF2es7XXH+NTQlZlDupgX8i7RfkwDfIdPR2LB1BzrW9VbCJFm7x0b1oVU8LUnvSexC1fDO4BsOEJDY4IM1xwBdtrwumu7SQjVszQWsYObL4L+2A1FGF5Gzb2yR3hGY+EpY28Wvgn5oS9i8ETwoDkhjhUBppe0XyJhv4XcDthasmPgLu0pQ4p9jxrh0QFX1kL9vbBPcE0L1opd5s9v2WDnv6nhQkJLHDAUJ70nxPmY0eShU0Yr+O3ofVtP2btAMirfeB8/pTfCF3fEoyF2zNqvejhj7BNxoEJAmAI8NhwH42V3PkmBt4m1Hobt5E8rLt9RRD2v+3INH+YSc5GwQmV028jS5yZErzvX3JDyQJgENJ99ss5R7eCand8CW0z7QlIPb+1SkWBtKpuCS1/R8QXsNeIEkMHKCLXyUcv1PStUBzre17K0CUYaKdR9YnbOCVADsWvVLagGIhTLGK1QaJ00umGngSMzgWAv8XMhygYgNYS/JiyG2Hq94sxv5MpGfBgLEwgtg/JIJVZbkQK5bkDc3VkAGBPCSn4TyS9MJs5BiWrzNsHWp7RQQWsC8eqVN/e1fwCvVyUICktIHXIlycy3CCi23kn2BrBrE3w+kSSrsdZDzd0imKaZXST9gFe1h3Ivh3OA2H9AxYNsVKzdXe0D6CdLctluODALukkewBLAIZvMHbQ+wAjW1Wj6hiOPmCJDo4ALZrngnYEE7AaDkeeCmUSI9WSvGh5mp3VQRAan6MFBH8g3SIZDg9FEj0p6e6hyFgeYIkWjgActrfJIR+yPHAjYQZDrWzHJ+JwhTLfoqRY0egXeokyzCfYUCiM1KLLhcGkIdEZ0xZqp9FCgdATjvtDPiZaIOjoGggyWmeiZR6JgpTLN2Cz6dzkU7aGLhBQ2I/jeoSxShZLNkPd4l6HgP5tbB6YykZ1TPRCY6CwodEaJ4JqZ6JAiD2Q40wDsjlUrIKezgKmg5yYiDNCc2UYXOUmayMzzmKVY16WKKDREYxJZUTsYajoIHAEyEu3HXfYzO0A7JRU9BNyE8XEjtRAcqcdL3vkaSOnppznlYOjmoE8QRHQdFC8nm2YG+iU80Ivy9OOR643qDg/PyzEryExkNSKMNcBUgr/9JUE+I5gZgJjDco6G+61ar9Dv/2HQLTSL7gKCg6SNQ5wdu213fjYO+V206rSnUZCLPIjZ66oTnnyVuBF0aQldhbN37O/9tCpwggEXxFc023Fx6QZH/MT8hNTtyjSr2g+22+6q3KhMAxmmrsZ0eSbbwJBUBUZO13bQqn8lHWQ1TokAyyvaI/ZQ9Ash/wLMYn5JyG3k6IfF0LIhhJdL/NIPfVJQQOgEqOxz7s1TvMYSslBXSRQEKyeC1WaJAI9P0P0abIi+Gh+BgVe8oJkiimW07PhAuX5QTBoWQfjLzIzqwYkGbNDWeZBPr1rxAgUS6j9j4NKRYZds6l/FjlJgSSHSzEfqHem7RpvOOEwVFPCviepkTbIW6xubvuZHd/qrUOVQEqYEgEozRXl9KgNTfwqCBM1hMAyWzWAa/ZXhcmLssJgwNgNSeCxv5Qtv/m7YA0sgqhcSxSyWsiUkCQqGDV9n72godcd81RQfpzJAAS+K3m2oh8MGsbJRAOgJQ2RO0SZrXv6nZcpEjmaG4cRp1mNyhwBQBJF8Zhf4Keo4VfeeycjcJwdooZkhRzsJ9mdUPaPWwJhaOGI0DjZy86MtARkBbuxz6GqaCVaT6751I+IKljX4T2TbEwWJfRMD0BY4SkgdXo16c/JcM+JR8mEw4AwTXYby7sRPJg8QcdAbmX90DzVhUMIx1GJBCdPEKS40Zt3jp9ADGXisJNNtaRRPew98ynfc4rwXBk+B6Cb2tKzCbL+8UfdN4HTnEt9kMqCG4jrU2LEIJcQqIgPkdTbjFNRqm6DBSlD3lMkGR5Elhqe10ykgynJhoOtVbSBT5sRXJt6YedAWngDeDXmooOBMfEOiHIBSTLrtT1HwRXBdKlWAIsxAKJRGqzeAlenfwbkgoHCHLch96u8H6rbMzWJ4mVTEJv4TuMTFAPmRsZQrLkqt1YZrO5JXicRh7z35c4o4/EAEkT81DW1521fDz89VqTaPlxwAEZpgGnakpsJMWlVhesAbmLtQjH3NdXUMsFRh0MVIaQLJ6OBSTbaOUi/31IQmieGCBRW/0dnYyWj4e/mAwcMcFRy0/QZywAwVQarFO12adg259bcTLDkNxGxjHJZwjyCInksuI9bm9KAhwFRQyJmoJMaft70uFIMxHpGHD9BTZwm91Fe0BUIpqzgXWaygUwkzQ3Fgf8jUYuIZHMp4mb/bWZJDgKihiSLDcBjyUajjqqyHBLfndNt1b+kErO0YW10qeBVolozgOHuFiC8ayhmTHaFF3BKy3+wVGTneNDLZ4O9697DXuTfgMlEY6CIoVEMvf9l43gGDB1K2lhb6oShuo4kBx/AMepdAuCkU6Jf/SAAPkk8CZrjWOo4HUy1IceZ6qOfallNoJH+OqMrnzDYHNr255TvDtdJRmOgqKCRI5n295OeenhyMtgwNXdEDxGhkfJhOWZmlc9ldTyUyTLwTHviwTG0miz6VAkZ0AAsjQAVxqU7AZMpSevkOGcwC2A69iLDNOQvIFkFIXhs+9MjCDx5E9SDnAUFDYkhuccR14GR3SYVZ0GrCDD1Xn7uOA0nApqGcEaXkNys/ZwuF1XkKXJpHqBMiMYZNSZDJOA6zA/A/kHcC+Sufko614kSHNc3ir3HNAk31wxDv5slIX4chCl2ae2AT+gQ7SRcoKjWLIr8CjOfjwbgJNALC76bBgqVkBJKCTPcJRqC5IHEMwhyx/xOu0dy+dpZSSS0cBBhndJJJfQZGxF0ewOEIA05yFoBNxEmsgBryFZQIo/0srfqeRfltH56uhJK33ybrKDUI4t+xq35B2SEkDKFY6CPENiAUhgcJTqXQTPk6OZFMsRrKLBIoDIcLqwB18kx5eRHJNP1XEE7g6rdyJJ06Q1yC2VB0AAajkayQOoU3WvakEdRq5HvUV2QYVh6emjTrVbdf9/X2bbZ0wMK4shKQKk3OEoyBMkJYAYwrHrummM3KsfajrlRxtQkRu3owDYA/Vc+NklfRs4myx/dnlfs9kapFSNvMgOBiCY5+l+pUrUl/8iaojsjT84PkEynibOYNve0/FnKn8yznA0E00KAh9qW5M0OxSsxhIiF7ZV2/a6gizDgInoolg6qxBM4SDUs7EH/uB4mCr6e4ADMF2kW2k262jku0iGIWNPDf08KQbQxEza5rR+/EnEDLA2PcjrBWBoRCkIfEp8jPJ/0C3c6/PfuUieDA8lWW4kRV/gCfd9DVRrgPPI8n3uZL3XSrwDUlATj1LB4agT1hDcV7VajGAoWU7MG1mWyA0kU0p23MR1WEOS8GmVlbS7W/UgSuzqJlbgx/CwgX+S5TsITofIky99gOQyUvQhy2y/lXlbg9hpFN3YhbHA+ZjvLLhVDliI5AZzk3U5DjBYuTfPhcElPuxyMrSZQZchHMXqtCap7wzH001wco1BZeYn5BlOBSagnjP/L2Vr/QPBnWzj7kLIngDkcZHuLEGaoxGMRL25dAl6TJRD+SP8llbu9+YJaAqJ1RawnIyappQxHAW1QbKoMxwh+3OM4QBSjERwJtAP/7CsAR5FMJdGXsKXpYSlQgOko2roQ4ohSPoj6INK7bW3TelW4C1UVL/XgReRNOcTwPuUL0iqCCtGbOSy+i4ROzudSy+6cDxwNHAYKsTt58H2cPm/qEB2qxAsARZEkJo8IkCsVEcVFezOdvagEkGO7bSwhXtV0ODw5AeST6sS5Ak4mmoq2Z0Uu9CCZBfW08qWcDJaOapZoN7Yn5I3o6kmVMANBluHV7TAtPJOYOqoiRVwvcFvMaUFpn/Kf4tOqhLAcopt/P9n9NQwOMVgMdo8FwbrYkOVsZ46HU4Z41xuwVw44VP6G2g1Lb4pViIUy3RLkOFQJH0RHILKRb43KmtTwc5sK+o0+QNUluFVwN/IBpl6OUHTquSqWTO0yh5APTClPA7EnCT7ASd3PBATM/MbH06QTFflPEIymmoq+B5wEoLBwD6eQl5keB91lvEsKR62tFsykh845CXAMyCWeWs7SZJdgWmo7W7LLMg2I0iH3IFlvvcPJbZV14EoOQAMaSSp4WRSpFH2TUEnCt2GMqxsIsuz5rf5gqMelXzUygq4zNThTGgJ6vuUnrhb7WJZJtYsY0gsDQ8tIJmw02zh7gBJPSnW8l0klwED3PfXkxYj+AX784g+W5YpHFNaYHqJtXYbHAWVMSSWRpxWkJQaK9pmnT0OlUzRPitoImVrlTsZZEmQsBtb4elZBpXaO12l6c8a/oTkt0QHB8DXkDzMGv5KHV+3LmIKx8I5nXerOsEBcSQWDUS2Fs6WWXWLRhBtSuaCymgkMTJZLx5J8ubu8ou4nW6NohtdmIFgLOGZUpiqFcGdCCbTUEjl7Gpa9Tc6mrvXo8/pXkYjiZH5f/FI0mEEORC1o6LTccD8fEMJlnFOwK/TKcWwSyvgDIexCy8huID44QCoQPJjcixR0fh9rTmqgOMd7osyZ6IPya7AYzj7xnyBItOoojm3WAHyBJwfrMGoHyShI4mrnIBDrc1HXOxuLZ1ST/9pbvN4t6KsXJcAK5G8CWxG5I3sJN2A7ggORplgDERN2dz4+B/KskmLwSiAhs1WrtgJ8js4v3ULORMTOpK0jRxOSaA2AKcoFpRKFqViGcgTcYaksCZJGCSBJq8xg2TJz6sQOejnuLm1A8ETSOaQ4nnXW7Qq1/uJ+WAV38bpwV8+Hl6e4QOOgsTHIIfiDElhTZIwSHz55wOW3mayH8gPQUqH/xYlZ+Huu8/bgNMt6h1nUKfka5dJMlj9t540P2cMnwnsq47hM2SYRob1lm1+fbxzf9V/P7OofRiWHoGyK8jnDepcn5yFu+8+N7f9YVF5GUESSF9tAAGPkOwkzY2h5pivoydpbibDzoDgAFtAoLwgCaSvzW1/2DRSBpAE1kcNIOASklfJ8NWgv6mtaulHhuUBwAFaQKA8IAmsj81tf2gaSzAkgfZND0gdX+GoCTuMHsDKrVMD/Zomqtx0qVHfBk7Zzhi+rKnJARBINiSB9q257Q+HRhMISeB9sgdkFN2o5W9kkHxjnOlb2mOYUy+S4436dOTPCtO/FdRht1VvAAgkE5LA+9Tc9odB4wmCJJS+2AOS5vYOi+BEQeIajsJ/dmkBDAGBZEESSl/cxMUSy4AT0adDgNDNUiIO6pZhIIIfdfgs1FjAbuQr4uGFpPF5uJeIPO4QwFaunVye/MYNScRw1JMC7sLqgC52SHyHA61AcDvuwndaKG5IwoMDPJlGxAVJDOFA1/JdwP4ftO/MFVRu1gWYKyhgSAzhqNx2Jf2ueVVT4pvUBpHWOy5IwoUDPNsORQ1JTLFyJbrt0BZgBC09rsNfmFO3nTK3rWrZ7efkGIMuAZIMyt06akjChwN8GddFBUlMcNRwMsoGyqZb3EqWfPYkP2FO3ciD4WETS4E7NGWPpJYTvfepWJEl8YkEDvBtfRo2JDFGWVeegHZaz7bSNNhhQ+LDKreKqQgsXUpV1ZhEUjRU6El8IoMDAjHPDguSGOGooydo5+a3cb/VAxcWJD4DLKjgzbdr7jsj/50DUliQRAsHBOa/EDQkMefnaOX7wG42V3fQyi/tbw4akoCij1RwM/bxz3YjpzOz8aKgIYkeDgjUwScoSBKQvEZwsubq49zDBw4VBARJgKF57uK/oA32fZJBOy4VFCTxwAGBe8D5hSQBcKhzgUGaq/cbVuMTkhDiVgnmaq6eYFSHa/mFJD44IBQXUa+QJAIOyHAosI/N1VYEz5lX5hWSkIK65XgObKOe7EsNfYzrciWvkMQLB4TmQ+0akmNJAhwAkr6aq0vcB2tzC0mIEQ9VhHz7gG8pDndVnyu5huRbxAwHhBpkQCxDzWtNIHkBZzgWEkVOwJT2LbrEW6VuIAk9HKj9gyTDGkEKaoNkoUPBauAPOMOxTpUJz8U35CgcYilmI4mTXgCGRRICVXKw7TXBSu8VG0PiJH+xcqVVqro2OUW1CUDiY1QmXKeRxEkbUC/Mpf77ZK8IwtQYT7fsFHUsrr001/7pr2rfkPgPJJ3SfAeh/e4Byni6ZafIYnFFFMfJMyRxBKrrbntFeg0WXSzPkAQTZT2nTVBk/90Dl2dIIg1UF2GgM+M1SUHRrDk6y/4QUxJQX1xDEmQKgs2aaxECAi7WJAWFvuYoVdSRAKWLslUkI1JhWHLjh+HTZ6NIFQHWFZxMn4sKOsVyC1cRPoDG5xwFHQs8GZ5noq3sRwmhGV1cyXgrt6Dg/EmkdpTQjS4hyPico6Bq4BmQR4bXp46KCBDXcBQUByT2D4mk2n/1ruEoKChIdEaJEQLiGo6CIoUkAkA8w1FQ1JB8aHtFcJC/qj3DUZB/SHKa7yA13z1QeYajoMggCRkQ4yjrTjqWqKLKC97UXPVxTuAbjoL8QSI4VHPNxzmPqYyjrDupGvXiDDWqfIiAuIqyfiy6N7fSYODp0EcS/UGaVw84F+YjoXsm2n+H0AFxFWX9eOB5h3KFqPKhjSQhAeLa8PBPqHMSJ0iimG79TXNtAKPdrkPc2laF6JmYZk+gn6aE7rv7lGvDw0WoGF1OkIQ63QoBEK9WueJVkgBJljeA92yuVlDpxn/bq+FhSJAITsL+3/xdGlllXJcrebXKFR8TMyQBA+LXZD0RkEikJtqkYIRhNT6tckOBZKTmml/bKBv5NVmPF5IAAQnKnyMBkAiesb0mOZWx7K2vICiT9QAhybAPcIrtdan5zp4VlD9HfJAEBEjQzk4xQ/IJvwM+sbnahRYusr85aH+OwCC5GGWdYKVPqGC+QRsuFLSzUzyQBABIWJ6AMUKiIpboHpgfW0cBCcvZySckafbMJxm10+/dO4LpFJYnYPSQ+AQkbDfZWEeSJs21nrSWxsUK0RMQ8AWJ4GqkJtOVxCQ/vKHCdpONFhIfgETlQx4TJFmeRed9J7iQGo5QfwkbjrZG3UOSYSAw1rak5C80OT5shorKhzw6SDwCEnWAhdhGEt3DXEmK+1VmpyjgKMgFJJWb6xHMRpc+OsU0/32C6AMsRAOJB0Diij4SAyS9mQe8bHt9+fjDaelu8tAH6c+BMSQtu09l6WW6dGsv0sjj/vsTV/SR8CFxCUjcoXkihqSeHCnOxyo6+vLx8Bcj06qA4SjIEJLF02GZ5eZWK4ILceejY6G4Q/OED0mzWbFEpWA7AuQHBn15wUVf7FOw1fLLAPOQByzPedxn2lRYzinYnjPsiykkzW1/ODSeIDja+hQ0JPaAjGZXalmWPDgKcg3J8k9xEs8gIWlu+0PTaALhaOtbkJDo00DXcjhHTdpu9CBWbr0y0K9pospNk436NvCK7dRpTN4/HWmgg4Kkue0Pm8YSDEdbH4OCRA+Iu2yyK/wnyHShDAPJ8PeAsu86AJJkODr0MQhImtv+sGikDOBo62sQkGgA8ZRquYUMt3I+e4T1rUmzJxluy7cVVIpqDSDlAEeHvvqFxC4NdNy7VW4V5u6W52yyFcBPaOEtavmFs4GjC2XYhwzXIHgLuJDic47Qsu/GvVvlVsHsbgnUCDKo/aNyg6NY8ghU350iBP4R+HZJ37cBPwAeKarPb6rlYu0EnkIwlxzP5QNJm0vZU50EjAD+D3vDQ6UV4+DPN5nUfDmIXxT9fRjwG2DX9o/KDY5iya4ouzqn9A4bgJNB/LXos+YSQMoZjoI8Q1ICiCEcA6/YQf9pXVx2MgcsRbCYHCuBVaTY0haYToUX6g4ckg8o/TWUJ6C7c6vXJm7n5et3MShZDEkJIOUMR0GeISkGRPZFRdTe06GShcBpkQSS9izZHzN/+GbUD7KTDoC4sK2qE78nx6+Br/rocBh6HclZNMmTAJOhpABJESCyCngGXUIhpXUoOEINJO1PbcEinPzhPwKOB7GCkjXIv4EVDjdHF2Xdl8RS1NvCaU3SnIejSC4NDxt4gxTfBG5Fl488OrUAN9OdgTSxwp+pvFDTQr0iibLuX21R5Z3WJCuB1YW/FAEitgKnAotsbkzwtMpKjgv3ehAlJutPnY4Xw8MGPibLT8kxEHjRS28D0mIER5NlHDOLHb7cQLJweMePxHXApTblEzytspLjwv0lFOxtGYytFundgCeAbxXdWGZwFMtyTVLfGY6JO+F6k7ivTrZVglqGIpkCRBMiU/IXYDpNPAY62yo5DqPp1hUtMK1kE0BOBq4t+qDM4CiW5ZqkExx0XqS3VVAMSRnDUVAHSOo7wxGSP0ctJyKpAc7APq20V30MzEMyy50/hykknXa3KIKkjOEoqAMkVnCAPSAAsgdQD0xJ/prDRLIfakE+o+Tz8J2dRtCD3ThDtc8QYF9P9cC7wAIkzyCZxyyvsXR9QXIJ8AwqnUWZS3YFpqFemqVwgB6Q/wVF5QlYohr6kOLw/BbuIaT4DJLdac9NsgXYnI+VuwrBSgQrgo1b5QeS/xk1C2A5cHncPYleT58OJ9c4l1s4B4b8Nvz+xKGnh8HJaedyzXNh8EPh9ydxmi5QW5M7nUp+ujSxwmxBPkEoFSIAABGXSURBVKUFpidh6zZETaiAGwx+iytaYNqn/LfopKr4plij2ZUKuiKpphLBTnawK1u4kw1od2L8KqZpVaKVkOlWPSnepyetdAeqaEEi2EBXtvJLtofWrr0iWoNkOAwYgmBAft7dB3tTkFbgbdTc+3UkL5KimYYgclf4gUNWdT5ULFdZfZeIIRnDZ0gxCMHRwGGo1BKfw96c5kPUId4bwFJgAVle990PvUIDRJDhWCSjEJyG912bgnLAa8BDpJhLQ/tJp7l8wVGP2g4sNXAsQ7XZVv0VRMkBYMiQpPkcKUYBZyL5KvjOl/gf4FFSzKGBPxH8zCNgQC5gd7YzFsH5wBcDqbOzcqg+30iWJzH6UUzhWDAXThhVcm89MDX/Fysr4DJSJ8PD6zpD8nTWbOFuDIkgzamkmIDkeMLLSfMv4A66cDd3BJWNOChALmB3djABuAhnY8cgtRS4imyxiXqpTOGY0gLTz6SjuXs97XAUVKaQ2FrllkIyDCb8zmzh7gBJhu8huBJZCLAXidYBt7Cdm5jDVp912TlMuVCaoexgBepQMUo4APoD86hlQX6dUyI306rS3SpLOCC+7Ls+pDVZnwzy2o4f3diKv1jAXyLDk8DvIoYDlAX31ezCSjKc67cy74DUsRcZ5iOYj1pcxSfJYOAVMkygbV7ra81xCdZwFHQs8ChR5Ez0LdkVeBy9P8fk/HcukicrYEGGSQhWoJy64tT+wH1kmMe53nNkegOkjmPJsRQY6rVh1NnLR6i54z9RJsYbfNS3K3ADGeaz6/tX4G8r92mcTeUHEUXORF9qGzkGORTcgGUCHReQ7PrhNDI8BswATJy0dH15B/VM/As1ZfKze3g6XVhKLUd7udlkntlRaWrIcbfLe5UHnfpH+BOC1xH8mwaLL15Dd6APFfTNjwxDgN7GLS0ffxrb9j7NoKTmnEO8CvJEnD0TC9OtBK5JAkteMzO/D6Lf3drW63KWXQb9XG1uvQMsQNBMKyuAlZb2ZXVUIfkCOb5MimPyz0V/zF/wByBpJk0tTdznpoPuFukZLgV+gen2nORN4B5yzOUe3nHTsSIJ6jiGHKOAH9Jur9RZ/sKBWvmk+/Fxj1G+4LDwSQfjLeCvXe4EyRbgV0hm08SLeN2areNAcowExgBfMrxLApPJcr1heRe7WBmmohbiJloOTKc3D1FPzvAeZ51LL3bhIiQ/hZIENv5j5VoAAuUHie+RwwYQ8AnJBuAWJLe6Dlih03AqqGY4ksuBvoZ3XUmWnxuUMwSklrFI7jSocCOCqWzgNh4K0f00wz4IrkcyEhABBZK2AQTKB5JAplUaQMADJBLBXCSTyPK+431eVU+KNWRQayCL7F8lElxEI790KGUASC3DkPwe5/neIir5IXex1rFzQSnNd3ht8q/567XdHMvuum4a2/a6QlNCAwgkH5LAoo84AALs+t4Utu3j/AYecNVW+tefSZOjX3twGsMBpPgVgmMdSrYCw8jyhKaMwzlIms8huRdnOK6nNydECgdAk+xjBMeRl8HIvfrhy7QhAdl3bRVpaB7BiM8ebRSc7pWp3WiSA3y05V738A4HMBjpOMpVALMZwwG6QvYPfh1VCB4EbehMCYwjyyXU0+LQoYDlOqjbaWSMtiw1SiIkEcetSjMJwbfDi+AYgOppoYkJCCag3wToRQUPUG+/I2sPSI6LgW84dOVCstzsUCYEeY54OI208Y6HjZIEScRw1HIIgqvb/p5kSAAauQn4iUOpY1jDj+0uWgOihh2nEP71ZI0W7gHLVzjQXVHxq3wqCZDEEPFQchulh4BJhyTL7eCwYyW4ihr2s7pkDUiKGejOGwTzyBa9SSKTaTjQqR/bxsoVfJtahvnvS5yQxABHhu+puizUdyYcdanJpkRckExFRVW0lqQHKa6zutQZkAyHIThL09zbVFJDqF5/VnJhW9Xv6rPQ9U8yFf++CMQDSSyxcgWg2wGUfOW64fgxcAxXkh2MBu1h9TnUckjph1YjyKU2nysJfsydrHfbQ39yaXjYxOPArzTlBlAblDFdlJDEFEg6zamo4Nl2mq22cv2EOQ1Zs1mH5CJNiQpgcumHHUGoY1/gHNsqBPNo1AxVocijVW4LE4GN9tUy0XfX2hQFJDFGWU8xQdteJUWWwAmGpIl5CE3aa8koMuxT/FFHQFoZgX3eCUlOO8yGIB8m6/fyHlJ7UjrIaQ/cnUJN4hMfHOos7HhNiZu5i/92/CjBkLRyOfbT7ypKBoiOgAhK3E07aJ6KFh6VAog+spObwTb6YIoKRnjsnI3CgCTm/BzKh9xuyr2VFLdbX0ooJLN4Fd2CnY4MtH9xtUCxz3Eh7X6IMBRQaB4173xQc/9wzTWPChKSRCSvOVNz7X59tJmEQoJ2ZjGAOg4q/KUdEKnNvrOWTSb51INQwHGrBHM0V/tR52hb5UFBQJIAOM6lF5Kv2F4XJr4VCYSkN88Da2yvy/bfvB0Qocm8I/l1qNa57Q0FH9Qtyx9RQZ+tlHKYX/uQH0gSAAdAFUOwn169QyMvmVWUMEiUC8bDttdzVoBIrUuihTtm0Aot4qFE1/+cN1dMM3mBJCFwAPmgbnZagKuzsIRBIjQpIwTHFP5XAaLcXC2P2oEc23ghyL51VsjhQCULba8JDnVdnyuJV1FpD9Y5FDwWla/iMZzhWKfKhJ6fw/63EV6m3AmCRPAHsHXm680FypKkMIL0wf5k+W3uxyp3QkCKJFaubvetj8c6Xcg4Z+JgnJNMRpcTUGoAkSz3VmlCIGlgI/brEMF2DoYCIBXaKIgrg+1ZsSIKJF2h/Q6fpz60aH9FMp5u6RRdZqfhVCA40OaqJOcnV0lCIBG8obl2EBQAydHDtqD0HGzBQbIKs23WSb6jrKu3hd2pegVvagwzA5UvSKJNe9aN7tgv0Dd6z25VkJgJTDIoODT/rAQv/bPdEwo/QEoDiP1Bm0+JncApwJ81hS4DcUNADdpbm3ane0BtGMgTJNHnBBTa3ySgZ0LcgH4kWYLKjxlWVH3d9+gO7W8IXYTAEPMTik3YQxJ0fg57QHZENYIUJF5FJfY01WmRwgEgtM+E35i3xQ3ZTbeWoF4K4RnGSs0zIYoX6Tl22BZM0SXgbpX2xAqSMJLX2AchEGwLuC0Hya7gyp/mmsgjOKY0z4S/yIkW6gRJ+HAApDTPRE49E5X5gltsd7RlFNMPsQnkKaiQn/NDgAOIYspgIuNzjmIdBzwBMrp03K1socL2agjPRFsExxFEAYeS4zNRGEF0D8hnAuyQRmIT8K1Q4BhOF9CsszYFlk/CQZ7gKKgASTQjidQ+E9XU2Vp9+5CYCXwzIjhAap/tIkCkxi6Fzl5W4SmkxVhPDsI+lvD7PKSdTgQkX3AUFB0k97IN+8PNSiRfCKfhSNPc2Z+BCbXDVVik684JDma4ZrAtB+lPy0M85ylIdsX8hNzpxP04YD7RpF6wPyeQVvlYykgq1M9BmhKroADILN5F2J6W70Y10Qb/Clo5TZQ9GTYgbSOH4Qk5J+IMyWDgqdBHEqH9bY7RXEu+VnMk9hs3GwphUouNFV/RVOdnWhC/hKb/Ke339ikvhodiGWaQRDHdWqK5Vt7PRErb/1faixWkM+iTQYTJiUlj+Txo04CFZKnsxyo3IZDongnoT52tKUo5SPdMtz0Txf4guh/jaGqiMOoLQa35CPDWWkujH5siOwVhsp4ASFQecrt4y6l8fo7y0484GDhKU6LNFL4dkBR/Bj6wvaWCmgC6Fq2GU4FktKbEo8E3GqQ/RwIgQRMFBMaU5QZOjjrN1ffpTdu/STsgKh2azn97LOdrA1knT9WcjW6nIsfsYBsMw9kpdkjmaq59ieow/PpDVJo9kfzI9rrgV8WB2Dtaa+oeGEkPWrg4gC5Go3oq81mH7PQPZmkNJV0qTE/AGCFRLsv/sr0uuVwXHT1xUhHf7U/QRccXQkdAZrEYeNn2ZskkarS+I8nRWi4CzV694E4CC58ahZtsbJBI4A7N9b6s4YKA2gpXau2hC4L3Eg0ddzU72/sLpmsq2A3BbQQS1zZE1XEgUptP8QO2cXcwjUXpQx4TJF2426HNq8m4yEQcjwSt3I7O0FJ2fvY7A9LIo8Brmma+TS3jPHUxCtVRRY4H0Q2jkpnMCcJkO44ACzFAcgdbgFs0JXoi9YloYleaSdhFp1d6habO6disPMYk0sEdUnItGY5z18OI1Mr1wDdtr0veokcQSX/ijD4SAyTbuQlYbd8ljmUtM3y3E4YyDEIwTVNCIhmHxZTb2qWyiecdIhJWAY9Sq434Hb3STETwU4dSFzGTT/w1lITQPBFDMoetCIdNGsk4Mto5fvRK0xcVA8ve+lgwlyYWWV2yD1ZQwXj0P35PJE9Qp4m8F6XS/Bjh+AZ7mCa/Zx9JgKOgiCFp5PfYZgFu0/VkuNBXO0GphiMQPIs+z+YHSHvfeHtAGvgPgtHod3r2JceimKdbggzTEfwS/ebB21SR8ddUkuAoKGJIdpBGn4hGALeR4Wri3MzJMIgUfwA+qymVQ3CeLn+7PtxNI48hHMPyVAPP54fWaH+QOvYiw2OAU2iYncDZ/hL/JBGOgiKEZDbrEJyN+k11uoIMj3AuvTy35U2CNJcAz5KPTKLRDBp5UlfAOR7U/vwMyXyHUlXADWR4sjgydqiq5bvkWAac6lBSAjVk/RwKJhmOgiKEpJEXkdTifI40lC4sJcPpnttyox9xMBmeRnAd9g5yBT3MRqY4VekMSD0t9OBsJH806OIp5FhBmp+TZk+D8u5VSz/SPIHkYWB/gzsmkdWaSzioHOAoKEJImrgPyaUGJQ8A5lHLY9Roraq961x6kWE6rSxHv5Vb0CJaGGESkF0AzcAgxypHU00l88F4vbEZuAtB1rfF7HAq6M4JpPgJ8B3MpnISuIKs9uCzWNuAH9BhEVpOcBRL9gOeA8fpzQuouFPFPvnDgN+giwJTrAxXYB6hRaI8K3/JRhb4zhhQQx8qyORtq0wDSSwixbB8MEEnNZsDAjCO3djMA+B6yPwz6kFbQG8WFxuD2Wo01VTxLSQnAt/HPri2lVqQnE8TWRf3lABSrnAU5BkSd4AAZKhDmaO4sexdC/wOwfMI/mD0wNZTyWqOzDs7DUNvsm6l39PCD/P+9iZyCQiot3lPrgEm4m1Rvh3l77sS+AiZXzin6IKkO4IDkfQBDvRY/4dIRqmsq65UBEi5w1GQJ0jcAwKQ4VRgtkFbVsohWU2KVUhWI9jcFqtNsAeSXgj6AAfjLSaXBK5jI1NcjloeACmolhORzIWOWUFjleQvVHE2d/GWh7uLAZkJjpbLHwEnRhJl3ZdkfxQkTmvCm0GMwysgABl6I3kAoYkBEL0+BM4j29mMxEDN3qOaN/IcLfQD7icwq1jP2ojgYjZxjEc4SjUFrE9W89oAnJJ8OKAo9YJu4f4SMNV3U1nWcACDgXGaICBRSebT7/X1CAdgsoul0728R5aR5DgBWOarLm9qBWaT4jAauSW4NHFiK2r72AqShE+rrKTd3XoJlW8kmAe6nhay3Ewrh+Uf0AhS93XSKwgG08i5ukNAEwWTF2MWC8nSH8FJ6KO1B6WdCOaQ43CynEcD/wm+CUtIyhCOgiwhCRaOYs3iXRo5F7VuuBW19gxbS5GcRZav0cgfgqjQ+xpEp1oOJ8coBOehP+p3J8Hfgdns5D7u5b3A6lWy2OYFkN2AJ1ApsssUjmK1LdxXYQ2H9zWITmn2RHAmcC7BxtT6CPgtKebQYHRW50Y+FukmqqeStRwFDEEyGBiAMk0x1WokLwLPI1nALI3rp3/ZAAIgewAHgtClcisjyb7AapuRIxxAilXHQUiGkGNIPlGom/BBG1BxqxaQYwGbeTnEDMwhA2KlDPsgOBTJfkB3JNWkEPltvc2kWEeOt9jBqmCcmoylAeR/SuEDUqpRdKMLhyD4AoJe5NidFF3IIRFsADYjeBfJG37XFC7VLID1wKsRNppUHQf8HWczjU+7egFfhrAzG5eFjvh/w2YM6YPSU3YAAAAASUVORK5CYII="`;

exports[`Data tests should render crosses on cells selected 1`] = `"data:image/png;base64,iVBORw0KGgoAAAANSUhEUgAAAMgAAADICAYAAACtWK6eAAAABmJLR0QA/wD/AP+gvaeTAAAN40lEQVR4nO3d26tc1QHH8e+uCYWjhEgeC0Jf+iCCJ6jUQtIaa6TYGPvQP6VECqVqL9Q+1L+kL7VSLzHJMgF9EUyoCH0q+NqkCVKDorL6sGavM2fct9l7XSe/L5xF1LmsM+5PZs/MnrUb4DZwA3Ua+AS4lXsimTsBPAxcyz2RAnoUwGSeRCl9AbyQexIFdB73WCgw38k9gzqyx8A+knsW4bKPuN9JjSUgo9ljwNvANbBP5J7N8uw+bq/hMtgHM0+m+ARkMI/jSeA48E7dSOw+8C7udcZjwEUhGU5AejuEo61iJIdwtAnJSALSWSeOtgqRdOJoE5KBBKS7V+jG0XYceAvsyUTzWZA9CVyiG0fbY8Bv08ynvkzuCRTS2tu8dg/su2DtyM/tsp9J7D7YmxN+j6tgH1hdSW/zHqS3ebtr7uI2lEsjFyx4d2twt2q9a8Bz0Pwv/pzqS0B6qxmJcIRKQAarEYlwhExARqsJiXCETkAmVQMS4YiRgEyuZCTCESsB2aoSkQhHzARk60pCIhyxE5BZlYBEOFIkILPLiUQ4UiUgi8qBRDhSJiCLS4lEOFInIEFKgUQ4ciQgwYqJRDhyJSBBi4FEOHImIMELiUQ4cicgUQqBRDhKSECitQSJcJSSgERtDhLhKCkBiZ5HcmXkgseBN5mG4wrwM+GIn4AkqbkLnGP8meQE0545zq9uU0VOQJI1eXdrKO1WJU5AkrYIiXBkSECSNwuJcGRKQLLU3AVe2uIKvxaOPAlIluw+8LctrvAG2MdjzUb1JyDJm/w5x3rHcQtMC0niBCRps3C0CUmGBCRZi3C0CUniBCRJ9iTTPyGf8ol7JadeqD8BiZ7dBy4y+RNyzgGXRy57wl1GzySxE5CozTnwsLkLPM84Eu1uJUhAorXkqFwhKSUBiVKIQ9aFpIQEJHghv88hJLkTkKDF+LKTkORMQIIV85uAQpIrAQlSiq/JCkmOBGRxKb9DLiSpE5BF5VhgQUhSJiCzy7n6iJCkSkBmVcLSPEKSIgHZuhJwtAlJ7ARkq0rC0SYkMROQyZWIo01IYiUgkyoZR5uQxEhARqsBR5uQhE5ABqsJR5uQhExAeqsRR5uQhEpAOqsZR5uQhEhAunuWcRyG4k9B4JGYkQseB56OPp1KM7knUEhfAC8c/KN9Eazt+bkK9oFsM906uwf20sDvs74M6nncY6FWNkzeORTTBhDoQVIZjrZeJJtrBAvIQcYPqgsIbCCpFEfbt5B0LaAtIAeZI7lnUH7Nn8EC/JxiX5BPrbkL9nng78BVaF7JPaMaMrknUEg9zyBt9miymURv8HfRM8hBRu9iTa75KvcMwrVLv0vcGuAbQA8YfBf4Gvd43MvdBxwBvsw9kQI62gD/BH6TeyYF9FfgL8AHuSeSuSeBXwG/zD2RAvoD6DVI28hrkHsmvQY5aOg1iD0G9jX31uAuZPfBXsg9i/qzF1aH4uxAdm+1jR8bupTpuOIxsB/sxnv/sMJxc/X7vNpzIT2DuAaeQezLq8fwdv3Hbh36TOhDsA92XMj4Ye2K6zh24AOyQzjsABIBcfUA8Ths/Ug6jyroQmL8sLpiF46KkXTi6EMiIK4OIN/CUTGSwePSNpEYP4zgqBDJII4uJALi2gDSi6NCJKMHbW4iOfQi/SHgByP3cBp4vfwX7pPPCfhDduoT8tDZo8BPRi5UyTkT7R7wBuOH9X8f+N76vzBrNzLlb93Cn0lm/w56BnFtPoNM+Vu38GeS2b+D8cPajVWMZNHcBcTV9RqkYiSL5m78sHGjFSJZPGcBcfW9i1UhksVzNn7ouPGKkASZq4C4hj4HqQhJkLkaP/TcSQVIgs1RQFwjh5rUgCTYHI0fBu6sYCRB5yYgrgnHYpWMJOjcjB9G7rRAJMHnJCCuiQcrlogk+JyMHybceUFIosxFQFxbHM1bEpIoczF+mDiJApBEm4OAuLY83L0EJNHmYPywxWQyIol63wLimvF9kJxIot638cOWk8qAJPp9Cohr5hemciCJfp/GDzMmlxBJkvsSENeCbxSmRJLkvowfZk4ywYabDKKAuBZ+5TbFhpsMovHD/GJuwEl35QTEFeA76TE34KS7csYPy4qxISd/nSMgrkCLNsTYkJO/zjF+WF7IDTrLO2UC4gq4qknIDTrLO2XGD2EKsWFnextZQFyBl/0JsWFnexvZ+CFcSzbwrB9ECogrwrpYSzbwrB9EGj+Ebc6Gnv1TegFxRVo4bs6Gnv1TeuOH8G21wZ/KjAMEpC3iyopbbfA/zowD4p9Ax56cuOFP+blM3MUiBMQVeelRu7f6fxlim7hJ3MUiYp/+oPkIeAa4tfCGrgHnVyelVFXX3AXOMX723bHu4E6i+tHyOfWX4PwgzXWWISn4VMtqXpNPUd3XHeAsNB+Gm1N3iU6gMxuJcOxss5EkwwFJz5PeXAfOMh3JFYo/D7lalkdyZeIVbgFPp8IBSYEAuLNhTuwo6een8jR1u2jPfpWshBug3WfacqBtp4A3I76tq7Jn93Bn3B1bDrTtOPAO2CfizelwiYBsjaNNSHa2rXG0JUWSAMhsHG1CsnPNxtGWDElkIJNXWR/rFFWsKq/Gm7zK+ljHcX9xRl1VPiIQuw9cZBzHNRyAmyOXOwO8rWeSmvPPHGdGLngHd9qFSyOXOwFcjv1MYsLf5KyDFR8F+58J17kWCYkONXGVdrDiuxOvEwOJ8UO4Fh3unhOJgLhKPNw9FxLjhzAF+cJULiQC4ir1C1M5kBg/LC/oV25zIBEQV8lfuU2NxPhhWVEWbUiNREBcpS/akBKJ8cP8oi77kxKJgLhqWPYnFRLjh3klWTguFRIBcdWycFwKJMYPMyaZcunRFEgExFXT0qOxkRg/bDm5HItXx0YiIK7aFq+OicT4YYtJ5Tz9QUwkAuKq8fQHsZAYP0ycTO6leYiIREBctZ5AJwYS44cJkygAh59LDCQC4qr5FGyhkRg/jNx5QTj8nEIjERBX7SfxDInE+GHgTgvE4ecWEomAuHbhNNChkBg/9NxZwTj8HEMhERDXCJCScRyaYwgkxg8dd1IBDj/XEEgExDUApAYch+a6FInxw8aNV4SjbTESAXH1AKkJR9tiJMYPazdaIY62RUgExNUBpEYcbYuQGD+sbqxiHG2zkQiIawNIzTjaZiMxfgD7CNhbE24k9irrAZq8qvwVsEdXVxIQ1xoQe3T1GI09jrFXWQ/Q5FXlbzkLwMbq7v8GPh65l0pWWW8+An7K+EIQBpqv4s+n1pqvgLdGLpRklfXl+VXlxxaC+Bfw6fq/MAd/tPeDfa++3aq+Bne3Xtq4sJ5BXF2vQV6sb7eqr8HdrffBHlu7sPHD2g10IakQR1snkk0cICBtfe9ibSKpEEdbJ5JNHDDwNu86kopxtB1C0oUDBKRt6HOQF+vH0XYISRcOGPmg8BjY18p/QT41uw/2wsAFBMQ19kn6BfdY7kJ2b7WNd+GA+OcorCoBcUU+R2FVmSO45RvP555JAd0HPAlbncNkF/sR7rHQNgEnGuAbQG91wneBr3GPx71ce5KaL3NPpICOgnax2rSL5dIu1kGxTwO9S/lP3HegXfpd4iYgk7Iv45bZr/ztbli9K/kW2Fdzz6SWTO4JFFLPLpZ9ee3DpFinXkjUtw487EKiXayDjB9UF5BDOCpH0ntU7iYSATnI+EFtAunEUSmS0UPW15EIyEHGD2odiL0wsDGtHypfwVEGdo9ph6y3RxkIyEF6F6untxk/VP4pij9noj8n4FMjF7wDXI4+nQoTkM6aG8AzjCMp+BTVk0+1fAc4C82H8edUXwLSW81IhCNUAjJYjUiEI2QCMlpNSIQjdAIyqRqQCEeMBGRyJSMRjlgJyFaViEQ4YiYgW1cSEuGInYDMqgQkwpEiAZldTiTCkSoBWVQOJMKRMgFZXEokwpE6AQlSCiTCkSMBCVZMJMKRKwEJWgwkwpEzAQleSCTCkTsBiVIIJMJRQgISrSVIhKOUBCRqc5AIR0kdyT2B3a+5AfZZ4CJuofC+TgGvr/58ZuRGb+FwFH7as/rTM0iSJp8z8QzjOCo5J+BuJCDJmry7NZR2qxInIElbhEQ4MiQgyZuFRDgyJSBZam4Av9jiCueEI08CkiW7B/xuiyv8qYwlhe69BCR5kz/nWO808A8hSZ+AJG0WjjYhyZCAJGsRjjYhSZyAJMnuAW8wjuPW6meo08DrdZx6of4EJHr+mWPiJ+Q8wziSM7jzDOqZJHICErU5Bx4215mGRLtbCRKQaC05KldISklAohTikHUhKSEBCV7I73MISe4EJGgxvuwkJDkTkGDF/CagkORKQIKU4muyQpIjAVlcyu+QC0nqBGRRORZYEJKUCcjscq4+IiSpEpBZlbA0j5CkSEC2rgQcbUISOwHZqpJwtAlJzARkciXiaBOSWAnIpErG0SYkMRKQ0WrA0SYkoROQwWrC0SYkIROQ3mrE0SYkoRKQzmrG0SYkIRKQ7v7IOI7/usuUiKOtuQ6cxc11qNPA7+PPp85M7gkU0hfAC+6P9n6w74G1PT+3wT6edbZbZffB3hz4fd4He2x14fO4x0KB0TNIZ83nwHPA1Y7/WPBuVV+Du1sf4M438lnaOdWRgPTWiaRCHG2dSIRjJAEZ7BCSinG0HUIiHBPSOQpHaz4H+zzwEDQf557N8prrYJ8CPhWO8QRkUs1nwA7gaNsF6GlqgNvAjdwTKaDTwCeMf26w650AHgau5Z5IAT36f40dKd9bhDgYAAAAAElFTkSuQmCC"`;

exports[`Data tests should render the board 1`] = `"data:image/png;base64,iVBORw0KGgoAAAANSUhEUgAAAMgAAADICAYAAACtWK6eAAAABmJLR0QA/wD/AP+gvaeTAAAC/UlEQVR4nO3XsY1WVxhF0TMeEAVMFySkOKCFIXEpDh06dScuYiQCx8gSXSDSQYDs4M93ep/EWhUcfXr7Sfdu25dtH8e7bZ+2fT495LCHba+3fTg95ALebNvT4RFX8bzt/ekRF/C42y3Ynn45vQCuTCAQBAJBIBAEAkEgEAQCQSAQBAJBIBAEAkEgEAQCQSAQBAJBIBAEAkEgEAQCQSAQBAJBIBAEAkEgEAQCQSAQBAJBIBAEAkEgEAQCQSAQBAJBIBAEAkEgEAQCQSAQBAJBIBAEAkEgEAQCQSAQBAJBIBAEAkEgEAQCQSAQBAJBIBAEAkEgEAQCQSAQBAJBIBAEAkEgEAQCQSAQBAJBIBDutv3Y9u30kAt4te37bvf4md1ve7Ht6+khF/Dybtu/2/44veQC/t7217Z/Tg857O2237f9dnrIBfy5bU+HR1zF87b3p0dcwONut2B78gaBIBAIAoEgEAgCgSAQCAKBIBAIAoEgEAgCgSAQCAKBIBAIAoEgEAgCgSAQCAKBIBAIAoEgEAgCgSAQCAKBIBAIAoEgEAgCgSAQCAKBIBAIAoEgEAgCgSAQCAKBIBAIAoEgEAgCgSAQCAKBIBAIAoEgEAgCgSAQCAKBIBAIAoEgEAgCgSAQCAKBIBAIAoEgEAgCgSAQCAKBIBAIAoHwYtvDtsfTQy7gftvbbf+dHnLYr7vdwjexPdxt+7Ht2+klF/Bq2/fd7vEzu9/tx/n19JALeLltT4dHXMXztvenR1zA4263YHvyBoEgEAgCgSAQCAKBIBAIAoEgEAgCgSAQCAKBIBAIAoEgEAgCgSAQCAKBIBAIAoEgEAgCgSAQCAKBIBAIAoEgEAgCgSAQCAKBIBAIAoEgEAgCgSAQCAKBIBAIAoEgEAgCgSAQCAKBIBAIAoEgEAgCgSAQCAKBIBAIAoEgEAgCgSAQCAKBIBAIAoEgEAgCgSAQCAKBIBAIAoEgEAgCgSAQCHfbvmz7eHrIBbzb9mnb59NDDnvY9nrbh9NDLuDN/8sQKJKgzFkiAAAAAElFTkSuQmCC"`;
